git status
On branch master
Changes not staged for commit:
  (use "git add/rm <file>..." to update what will be committed)
  (use "git checkout -- <file>..." to discard changes in working directory)

	[31mmodified:   .Rhistory[m
	[31mmodified:   .Rproj.user/E48B5D24/console06/76A57E29[m
	[31mmodified:   .Rproj.user/E48B5D24/console06/INDEX001[m
	[31mmodified:   .Rproj.user/E48B5D24/pcs/files-pane.pper[m
	[31mmodified:   .Rproj.user/E48B5D24/pcs/windowlayoutstate.pper[m
	[31mmodified:   .Rproj.user/E48B5D24/pcs/workbench-pane.pper[m
	[31mmodified:   .Rproj.user/E48B5D24/rmd-outputs[m
	[31mmodified:   .Rproj.user/E48B5D24/sources/prop/762E4FDE[m
	[31mmodified:   .Rproj.user/E48B5D24/sources/prop/INDEX[m
	[31mdeleted:    .Rproj.user/E48B5D24/sources/s-AAA6F5D6/85230E90[m
	[31mdeleted:    .Rproj.user/E48B5D24/sources/s-AAA6F5D6/85230E90-contents[m
	[31mdeleted:    .Rproj.user/E48B5D24/sources/s-AAA6F5D6/lock_file[m
	[31mmodified:   .Rproj.user/shared/notebooks/paths[m

Untracked files:
  (use "git add <file>..." to include in what will be committed)

	[31m.gitignore[m
	[31mcontent/post/[m

no changes added to commit (use "git add" and/or "git commit -a")
]0;~/R/playground[36mkonrad[m@[32mkonradino:[33;1m~/R/playground[m$ vim   git status
On branch master
Changes not staged for commit:
  (use "git add/rm <file>..." to update what will be committed)
  (use "git checkout -- <file>..." to discard changes in working directory)

	[31mmodified:   .Rhistory[m
	[31mmodified:   .Rproj.user/E48B5D24/console06/76A57E29[m
	[31mmodified:   .Rproj.user/E48B5D24/console06/76A57E29.env[m
	[31mmodified:   .Rproj.user/E48B5D24/console06/INDEX001[m
	[31mmodified:   .Rproj.user/E48B5D24/pcs/files-pane.pper[m
	[31mmodified:   .Rproj.user/E48B5D24/pcs/windowlayoutstate.pper[m
	[31mmodified:   .Rproj.user/E48B5D24/pcs/workbench-pane.pper[m
	[31mmodified:   .Rproj.user/E48B5D24/rmd-outputs[m
	[31mmodified:   .Rproj.user/E48B5D24/sources/prop/762E4FDE[m
	[31mmodified:   .Rproj.user/E48B5D24/sources/prop/INDEX[m
	[31mdeleted:    .Rproj.user/E48B5D24/sources/s-AAA6F5D6/85230E90[m
	[31mdeleted:    .Rproj.user/E48B5D24/sources/s-AAA6F5D6/85230E90-contents[m
	[31mdeleted:    .Rproj.user/E48B5D24/sources/s-AAA6F5D6/lock_file[m
	[31mmodified:   .Rproj.user/shared/notebooks/paths[m

Untracked files:
  (use "git add <file>..." to include in what will be committed)

	[31m.gitignore[m
	[31mcontent/post/[m

no changes added to commit (use "git add" and/or "git commit -a")
]0;~/R/playground[36mkonrad[m@[32mkonradino:[33;1m~/R/playground[m$ git add .
]0;~/R/playground[36mkonrad[m@[32mkonradino:[33;1m~/R/playground[m$ git commit -m "checking ym   my   my first blogpost run" [A
[master 286c6d1] checking my first blogpost run
 16 files changed, 109 insertions(+), 527 deletions(-)
 rewrite .Rproj.user/E48B5D24/console06/76A57E29 (96%)
 rewrite .Rproj.user/E48B5D24/console06/INDEX001 (84%)
 delete mode 100644 .Rproj.user/E48B5D24/sources/s-AAA6F5D6/85230E90
 delete mode 100644 .Rproj.user/E48B5D24/sources/s-AAA6F5D6/85230E90-contents
 delete mode 100644 .Rproj.user/E48B5D24/sources/s-AAA6F5D6/lock_file
 create mode 100644 .gitignore
 create mode 100644 content/post/2019-03-30-part-1-fast-and-pretty-ggploting-with-the-aider-package.Rmd
]0;~/R/playground[36mkonrad[m@[32mkonradino:[33;1m~/R/playground[m$ [Kgit brnach    anch
[?1h=* [32mmaster[m[m
[K[?1l>]0;~/R/playground[36mkonrad[m@[32mkonradino:[33;1m~/R/playground[m$ git push origin mastert 
Enumerating objects: 46, done.
Counting objects:   2% (1/46)   Counting objects:   4% (2/46)   Counting objects:   6% (3/46)   Counting objects:   8% (4/46)   Counting objects:  10% (5/46)   Counting objects:  13% (6/46)   Counting objects:  15% (7/46)   Counting objects:  17% (8/46)   Counting objects:  19% (9/46)   Counting objects:  21% (10/46)   Counting objects:  23% (11/46)   Counting objects:  26% (12/46)   Counting objects:  28% (13/46)   Counting objects:  30% (14/46)   Counting objects:  32% (15/46)   Counting objects:  34% (16/46)   Counting objects:  36% (17/46)   Counting objects:  39% (18/46)   Counting objects:  41% (19/46)   Counting objects:  43% (20/46)   Counting objects:  45% (21/46)   Counting objects:  47% (22/46)   Counting objects:  50% (23/46)   Counting objects:  52% (24/46)   Counting objects:  54% (25/46)   Counting objects:  56% (26/46)   Counting objects:  58% (27/46)   Counting objects:  60% (28/46)   Counting objects:  63% (29/46)   Counting objects:  65% (30/46)   Counting objects:  67% (31/46)   Counting objects:  69% (32/46)   Counting objects:  71% (33/46)   Counting objects:  73% (34/46)   Counting objects:  76% (35/46)   Counting objects:  78% (36/46)   Counting objects:  80% (37/46)   Counting objects:  82% (38/46)   Counting objects:  84% (39/46)   Counting objects:  86% (40/46)   Counting objects:  89% (41/46)   Counting objects:  91% (42/46)   Counting objects:  93% (43/46)   Counting objects:  95% (44/46)   Counting objects:  97% (45/46)   Counting objects: 100% (46/46)   Counting objects: 100% (46/46), done.
Delta compression using up to 4 threads
Compressing objects:   4% (1/23)   Compressing objects:   8% (2/23)   Compressing objects:  13% (3/23)   Compressing objects:  17% (4/23)   Compressing objects:  21% (5/23)   Compressing objects:  26% (6/23)   Compressing objects:  30% (7/23)   Compressing objects:  34% (8/23)   Compressing objects:  39% (9/23)   Compressing objects:  43% (10/23)   Compressing objects:  47% (11/23)   Compressing objects:  52% (12/23)   Compressing objects:  56% (13/23)   Compressing objects:  60% (14/23)   Compressing objects:  65% (15/23)   Compressing objects:  69% (16/23)   Compressing objects:  73% (17/23)   Compressing objects:  78% (18/23)   Compressing objects:  82% (19/23)   Compressing objects:  86% (20/23)   Compressing objects:  91% (21/23)   Compressing objects:  95% (22/23)   Compressing objects: 100% (23/23)   Compressing objects: 100% (23/23), done.
Writing objects:   4% (1/25)   Writing objects:   8% (2/25)   Writing objects:  12% (3/25)   Writing objects:  16% (4/25)   Writing objects:  20% (5/25)   Writing objects:  24% (6/25)   Writing objects:  28% (7/25)   Writing objects:  32% (8/25)   Writing objects:  36% (9/25)   Writing objects:  40% (10/25)   Writing objects:  44% (11/25)   Writing objects:  48% (12/25)   Writing objects:  52% (13/25)   Writing objects:  56% (14/25)   Writing objects:  60% (15/25)   Writing objects:  64% (16/25)   Writing objects:  68% (17/25)   Writing objects:  72% (18/25)   Writing objects:  76% (19/25)   Writing objects:  80% (20/25)   Writing objects:  84% (21/25)   Writing objects:  88% (22/25)   Writing objects:  92% (23/25)   Writing objects:  96% (24/25)   Writing objects: 100% (25/25)   Writing objects: 100% (25/25), 2.89 KiB | 63.00 KiB/s, done.
Total 25 (delta 5), reused 0 (delta 0)
remote: Resolving deltas:   0% (0/5)   [Kremote: Resolving deltas:  20% (1/5)   [Kremote: Resolving deltas:  40% (2/5)   [Kremote: Resolving deltas:  60% (3/5)   [Kremote: Resolving deltas:  80% (4/5)   [Kremote: Resolving deltas: 100% (5/5)   [Kremote: Resolving deltas: 100% (5/5), completed with 5 local objects.[K
To github.com:konradsemsch/playground.git
   4f782b6..286c6d1  master -> master
]0;~/R/playground[36mkonrad[m@[32mkonradino:[33;1m~/R/playground[m$ [K[36mkonrad[m@[32mkonradino:[33;1m~/R/playground[m$ git status
On branch master
Changes not staged for commit:
  (use "git add <file>..." to update what will be committed)
  (use "git checkout -- <file>..." to discard changes in working directory)

	[31mmodified:   .Rproj.user/E48B5D24/console06/76A57E29[m
	[31mmodified:   .Rproj.user/E48B5D24/console06/INDEX001[m
	[31mmodified:   public/404.html[m
	[31mmodified:   public/archives/index.html[m
	[31mmodified:   public/index.html[m
	[31mmodified:   public/index.xml[m
	[31mmodified:   public/post/index.html[m
	[31mmodified:   public/post/index.xml[m
	[31mmodified:   public/sitemap.xml[m
	[31mmodified:   public/tags/index.html[m
	[31mmodified:   public/tags/index.xml[m

Untracked files:
  (use "git add <file>..." to include in what will be committed)

	[31mcontent/post/2019-03-30-part-1-fast-and-pretty-ggploting-with-the-aider-package.html[m
	[31mpublic/2019/[m
	[31mpublic/tags/aider/[m
	[31mpublic/tags/ggplot/[m

no changes added to commit (use "git add" and/or "git commit -a")
]0;~/R/playground[36mkonrad[m@[32mkonradino:[33;1m~/R/playground[m$ [K[36mkonrad[m@[32mkonradino:[33;1m~/R/playground[m$ git add .