git status
On branch master
Changes not staged for commit:
  (use "git add <file>..." to update what will be committed)
  (use "git checkout -- <file>..." to discard changes in working directory)

	[31mmodified:   .Rproj.user/E48B5D24/console06/76A57E29[m
	[31mmodified:   .Rproj.user/E48B5D24/console06/INDEX001[m

no changes added to commit (use "git add" and/or "git commit -a")
]0;~/R/playground[36mkonrad[m@[32mkonradino:[33;1m~/R/playground[m$ git statuspush origin master[12Pstatus
On branch master
Changes not staged for commit:
  (use "git add <file>..." to update what will be committed)
  (use "git checkout -- <file>..." to discard changes in working directory)

	[31mmodified:   .Rproj.user/E48B5D24/console06/76A57E29[m
	[31mmodified:   .Rproj.user/E48B5D24/console06/76A57E29.env[m
	[31mmodified:   .Rproj.user/E48B5D24/console06/INDEX001[m
	[31mmodified:   .Rproj.user/E48B5D24/sources/prop/762E4FDE[m
	[31mmodified:   .Rproj.user/E48B5D24/sources/s-AAA6F5D6/85230E90[m
	[31mmodified:   .Rproj.user/E48B5D24/sources/s-AAA6F5D6/85230E90-contents[m
	[31mmodified:   config.toml[m
	[31mmodified:   public/404.html[m
	[31mmodified:   public/archives/index.html[m
	[31mmodified:   public/archives/index.xml[m
	[31mmodified:   public/archives/page/1/index.html[m
	[31mmodified:   public/index.html[m
	[31mmodified:   public/index.xml[m
	[31mmodified:   public/page/1/index.html[m
	[31mmodified:   public/sitemap.xml[m
	[31mmodified:   public/tags/index.html[m
	[31mmodified:   public/tags/index.xml[m
	[31mmodified:   public/tags/page/1/index.html[m

no changes added to commit (use "git add" and/or "git commit -a")
]0;~/R/playground[36mkonrad[m@[32mkonradino:[33;1m~/R/playground[m$ git status
On branch master
Changes not staged for commit:
  (use "git add <file>..." to update what will be committed)
  (use "git checkout -- <file>..." to discard changes in working directory)

	[31mmodified:   .Rproj.user/E48B5D24/console06/76A57E29[m
	[31mmodified:   .Rproj.user/E48B5D24/console06/76A57E29.env[m
	[31mmodified:   .Rproj.user/E48B5D24/console06/INDEX001[m
	[31mmodified:   .Rproj.user/E48B5D24/sources/prop/762E4FDE[m
	[31mmodified:   .Rproj.user/E48B5D24/sources/s-AAA6F5D6/85230E90[m
	[31mmodified:   .Rproj.user/E48B5D24/sources/s-AAA6F5D6/85230E90-contents[m
	[31mmodified:   config.toml[m
	[31mmodified:   public/404.html[m
	[31mmodified:   public/archives/index.html[m
	[31mmodified:   public/archives/index.xml[m
	[31mmodified:   public/archives/page/1/index.html[m
	[31mmodified:   public/index.html[m
	[31mmodified:   public/index.xml[m
	[31mmodified:   public/page/1/index.html[m
	[31mmodified:   public/sitemap.xml[m
	[31mmodified:   public/tags/index.html[m
	[31mmodified:   public/tags/index.xml[m
	[31mmodified:   public/tags/page/1/index.html[m

no changes added to commit (use "git add" and/or "git commit -a")
]0;~/R/playground[36mkonrad[m@[32mkonradino:[33;1m~/R/playground[m$ git add .
]0;~/R/playground[36mkonrad[m@[32mkonradino:[33;1m~/R/playground[m$ git commit 0m "    -m "i hope it builds"
[master 8e1008c] i hope it builds
 Committer: Konrad <konrad@konradino.local>
Your name and email address were configured automatically based
on your username and hostname. Please check that they are accurate.
You can suppress this message by setting them explicitly:

    git config --global user.name "Your Name"
    git config --global user.email you@example.com

After doing this, you may fix the identity used for this commit with:

    git commit --amend --reset-author

 18 files changed, 145 insertions(+), 367 deletions(-)
 rewrite .Rproj.user/E48B5D24/console06/76A57E29 (98%)
 rewrite .Rproj.user/E48B5D24/console06/INDEX001 (84%)
]0;~/R/playground[36mkonrad[m@[32mkonradino:[33;1m~/R/playground[m$ [Kgir config user.email "o konrad.semsch@g,ail    mail.com"
bash: gir: command not found
]0;~/R/playground[36mkonrad[m@[32mkonradino:[33;1m~/R/playground[m$ [Kgit     gir config user.email "konrad.semsch@gmail.com"r[1P[1@t
]0;~/R/playground[36mkonrad[m@[32mkonradino:[33;1m~/R/playground[m$ [Kgit push origin master
Enumerating objects: 65, done.
Counting objects:   1% (1/65)   Counting objects:   3% (2/65)   Counting objects:   4% (3/65)   Counting objects:   6% (4/65)   Counting objects:   7% (5/65)   Counting objects:   9% (6/65)   Counting objects:  10% (7/65)   Counting objects:  12% (8/65)   Counting objects:  13% (9/65)   Counting objects:  15% (10/65)   Counting objects:  16% (11/65)   Counting objects:  18% (12/65)   Counting objects:  20% (13/65)   Counting objects:  21% (14/65)   Counting objects:  23% (15/65)   Counting objects:  24% (16/65)   Counting objects:  26% (17/65)   Counting objects:  27% (18/65)   Counting objects:  29% (19/65)   Counting objects:  30% (20/65)   Counting objects:  32% (21/65)   Counting objects:  33% (22/65)   Counting objects:  35% (23/65)   Counting objects:  36% (24/65)   Counting objects:  38% (25/65)   Counting objects:  40% (26/65)   Counting objects:  41% (27/65)   Counting objects:  43% (28/65)   Counting objects:  44% (29/65)   Counting objects:  46% (30/65)   Counting objects:  47% (31/65)   Counting objects:  49% (32/65)   Counting objects:  50% (33/65)   Counting objects:  52% (34/65)   Counting objects:  53% (35/65)   Counting objects:  55% (36/65)   Counting objects:  56% (37/65)   Counting objects:  58% (38/65)   Counting objects:  60% (39/65)   Counting objects:  61% (40/65)   Counting objects:  63% (41/65)   Counting objects:  64% (42/65)   Counting objects:  66% (43/65)   Counting objects:  67% (44/65)   Counting objects:  69% (45/65)   Counting objects:  70% (46/65)   Counting objects:  72% (47/65)   Counting objects:  73% (48/65)   Counting objects:  75% (49/65)   Counting objects:  76% (50/65)   Counting objects:  78% (51/65)   Counting objects:  80% (52/65)   Counting objects:  81% (53/65)   Counting objects:  83% (54/65)   Counting objects:  84% (55/65)   Counting objects:  86% (56/65)   Counting objects:  87% (57/65)   Counting objects:  89% (58/65)   Counting objects:  90% (59/65)   Counting objects:  92% (60/65)   Counting objects:  93% (61/65)   Counting objects:  95% (62/65)   Counting objects:  96% (63/65)   Counting objects:  98% (64/65)   Counting objects: 100% (65/65)   Counting objects: 100% (65/65), done.
Delta compression using up to 4 threads.
Compressing objects:   3% (1/29)   Compressing objects:   6% (2/29)   Compressing objects:  10% (3/29)   Compressing objects:  13% (4/29)   Compressing objects:  17% (5/29)   Compressing objects:  20% (6/29)   Compressing objects:  24% (7/29)   Compressing objects:  27% (8/29)   Compressing objects:  31% (9/29)   Compressing objects:  34% (10/29)   Compressing objects:  37% (11/29)   Compressing objects:  41% (12/29)   Compressing objects:  44% (13/29)   Compressing objects:  48% (14/29)   Compressing objects:  51% (15/29)   Compressing objects:  55% (16/29)   Compressing objects:  58% (17/29)   Compressing objects:  62% (18/29)   Compressing objects:  65% (19/29)   Compressing objects:  68% (20/29)   Compressing objects:  72% (21/29)   Compressing objects:  75% (22/29)   Compressing objects:  79% (23/29)   Compressing objects:  82% (24/29)   Compressing objects:  86% (25/29)   Compressing objects:  89% (26/29)   Compressing objects:  93% (27/29)   Compressing objects:  96% (28/29)   Compressing objects: 100% (29/29)   Compressing objects: 100% (29/29), done.
Writing objects:   2% (1/34)   Writing objects:   5% (2/34)   Writing objects:   8% (3/34)   Writing objects:  11% (4/34)   Writing objects:  14% (5/34)   Writing objects:  17% (6/34)   Writing objects:  20% (7/34)   Writing objects:  23% (8/34)   Writing objects:  26% (9/34)   Writing objects:  29% (10/34)   Writing objects:  32% (11/34)   Writing objects:  35% (12/34)   Writing objects:  38% (13/34)   Writing objects:  41% (14/34)   Writing objects:  44% (15/34)   Writing objects:  47% (16/34)   Writing objects:  50% (17/34)   Writing objects:  52% (18/34)   Writing objects:  55% (19/34)   Writing objects:  58% (20/34)   Writing objects:  61% (21/34)   Writing objects:  64% (22/34)   Writing objects:  67% (23/34)   Writing objects:  70% (24/34)   Writing objects:  73% (25/34)   Writing objects:  76% (26/34)   Writing objects:  79% (27/34)   Writing objects:  82% (28/34)   Writing objects:  85% (29/34)   Writing objects:  88% (30/34)   Writing objects:  91% (31/34)   Writing objects:  94% (32/34)   Writing objects:  97% (33/34)   Writing objects: 100% (34/34)   Writing objects: 100% (34/34), 3.22 KiB | 58.00 KiB/s, done.
Total 34 (delta 19), reused 0 (delta 0)
remote: Resolving deltas:   0% (0/19)   [Kremote: Resolving deltas:   5% (1/19)   [Kremote: Resolving deltas:  10% (2/19)   [Kremote: Resolving deltas:  15% (3/19)   [Kremote: Resolving deltas:  21% (4/19)   [Kremote: Resolving deltas:  26% (5/19)   [Kremote: Resolving deltas:  31% (6/19)   [Kremote: Resolving deltas:  36% (7/19)   [Kremote: Resolving deltas:  42% (8/19)   [Kremote: Resolving deltas:  57% (11/19)   [Kremote: Resolving deltas:  63% (12/19)   [Kremote: Resolving deltas:  78% (15/19)   [Kremote: Resolving deltas:  84% (16/19)   [Kremote: Resolving deltas:  89% (17/19)   [Kremote: Resolving deltas:  94% (18/19)   [Kremote: Resolving deltas: 100% (19/19)   [Kremote: Resolving deltas: 100% (19/19), completed with 15 local objects.[K
To github.com:konradsemsch/playground.git
   11ead7e..8e1008c  master -> master
]0;~/R/playground[36mkonrad[m@[32mkonradino:[33;1m~/R/playground[m$ [K[36mkonrad[m@[32mkonradino:[33;1m~/R/playground[m$ git status
On branch master
Changes not staged for commit:
  (use "git add/rm <file>..." to update what will be committed)
  (use "git checkout -- <file>..." to discard changes in working directory)

	[31mmodified:   .Rproj.user/E48B5D24/console06/76A57E29[m
	[31mmodified:   .Rproj.user/E48B5D24/console06/INDEX001[m
	[31mmodified:   .Rproj.user/E48B5D24/sources/prop/762E4FDE[m
	[31mmodified:   .Rproj.user/E48B5D24/sources/s-AAA6F5D6/85230E90[m
	[31mmodified:   .Rproj.user/E48B5D24/sources/s-AAA6F5D6/85230E90-contents[m
	[31mmodified:   config.toml[m
	[31mdeleted:    public/.nojekyll[m

no changes added to commit (use "git add" and/or "git commit -a")
]0;~/R/playground[36mkonrad[m@[32mkonradino:[33;1m~/R/playground[m$ git add .
]0;~/R/playground[36mkonrad[m@[32mkonradino:[33;1m~/R/playground[m$ git commit -m "another build try on netlify"
[master a435971] another build try on netlify
 7 files changed, 56 insertions(+), 8 deletions(-)
 delete mode 100644 public/.nojekyll
]0;~/R/playground[36mkonrad[m@[32mkonradino:[33;1m~/R/playground[m$ [Kgit pi ush origin master
Enumerating objects: 27, done.
Counting objects:   3% (1/27)   Counting objects:   7% (2/27)   Counting objects:  11% (3/27)   Counting objects:  14% (4/27)   Counting objects:  18% (5/27)   Counting objects:  22% (6/27)   Counting objects:  25% (7/27)   Counting objects:  29% (8/27)   Counting objects:  33% (9/27)   Counting objects:  37% (10/27)   Counting objects:  40% (11/27)   Counting objects:  44% (12/27)   Counting objects:  48% (13/27)   Counting objects:  51% (14/27)   Counting objects:  55% (15/27)   Counting objects:  59% (16/27)   Counting objects:  62% (17/27)   Counting objects:  66% (18/27)   Counting objects:  70% (19/27)   Counting objects:  74% (20/27)   Counting objects:  77% (21/27)   Counting objects:  81% (22/27)   Counting objects:  85% (23/27)   Counting objects:  88% (24/27)   Counting objects:  92% (25/27)   Counting objects:  96% (26/27)   Counting objects: 100% (27/27)   Counting objects: 100% (27/27), done.
Delta compression using up to 4 threads.
Compressing objects:   7% (1/14)   Compressing objects:  14% (2/14)   Compressing objects:  21% (3/14)   Compressing objects:  28% (4/14)   Compressing objects:  35% (5/14)   Compressing objects:  42% (6/14)   Compressing objects:  50% (7/14)   Compressing objects:  57% (8/14)   Compressing objects:  64% (9/14)   Compressing objects:  71% (10/14)   Compressing objects:  78% (11/14)   Compressing objects:  85% (12/14)   Compressing objects:  92% (13/14)   Compressing objects: 100% (14/14)   Compressing objects: 100% (14/14), done.
Writing objects:   7% (1/14)   Writing objects:  14% (2/14)   Writing objects:  21% (3/14)   Writing objects:  28% (4/14)   Writing objects:  35% (5/14)   Writing objects:  42% (6/14)   Writing objects:  50% (7/14)   Writing objects:  57% (8/14)   Writing objects:  64% (9/14)   Writing objects:  71% (10/14)   Writing objects:  78% (11/14)   Writing objects:  85% (12/14)   Writing objects:  92% (13/14)   Writing objects: 100% (14/14)   Writing objects: 100% (14/14), 3.12 KiB | 3.12 MiB/s, done.
Total 14 (delta 6), reused 0 (delta 0)
remote: Resolving deltas:   0% (0/6)   [Kremote: Resolving deltas:  16% (1/6)   [Kremote: Resolving deltas:  33% (2/6)   [Kremote: Resolving deltas:  50% (3/6)   [Kremote: Resolving deltas:  66% (4/6)   [Kremote: Resolving deltas:  83% (5/6)   [Kremote: Resolving deltas: 100% (6/6)   [Kremote: Resolving deltas: 100% (6/6), completed with 6 local objects.[K
To github.com:konradsemsch/playground.git
   8e1008c..a435971  master -> master
]0;~/R/playground[36mkonrad[m@[32mkonradino:[33;1m~/R/playground[m$ git status
On branch master
Changes not staged for commit:
  (use "git add <file>..." to update what will be committed)
  (use "git checkout -- <file>..." to discard changes in working directory)

	[31mmodified:   .Rproj.user/E48B5D24/console06/76A57E29[m

Untracked files:
  (use "git add <file>..." to include in what will be committed)

	[31mcontent/[m

no changes added to commit (use "git add" and/or "git commit -a")
]0;~/R/playground[36mkonrad[m@[32mkonradino:[33;1m~/R/playground[m$ gi  t add .
]0;~/R/playground[36mkonrad[m@[32mkonradino:[33;1m~/R/playground[m$ git commit m -m "added gitkeep to an empty content folder"
[master c5ce557] added gitkeep to an empty content folder
 2 files changed, 30 insertions(+), 1 deletion(-)
 create mode 100644 content/.gitkeep
]0;~/R/playground[36mkonrad[m@[32mkonradino:[33;1m~/R/playground[m$ [Kgit push origin mater   ster
Enumerating objects: 12, done.
Counting objects:   8% (1/12)   Counting objects:  16% (2/12)   Counting objects:  25% (3/12)   Counting objects:  33% (4/12)   Counting objects:  41% (5/12)   Counting objects:  50% (6/12)   Counting objects:  58% (7/12)   Counting objects:  66% (8/12)   Counting objects:  75% (9/12)   Counting objects:  83% (10/12)   Counting objects:  91% (11/12)   Counting objects: 100% (12/12)   Counting objects: 100% (12/12), done.
Delta compression using up to 4 threads.
Compressing objects:  16% (1/6)   Compressing objects:  33% (2/6)   Compressing objects:  50% (3/6)   Compressing objects:  66% (4/6)   Compressing objects:  83% (5/6)   Compressing objects: 100% (6/6)   Compressing objects: 100% (6/6), done.
Writing objects:  14% (1/7)   Writing objects:  28% (2/7)   Writing objects:  42% (3/7)   Writing objects:  57% (4/7)   Writing objects:  71% (5/7)   Writing objects:  85% (6/7)   Writing objects: 100% (7/7)   Writing objects: 100% (7/7), 1.30 KiB | 1.30 MiB/s, done.
Total 7 (delta 3), reused 0 (delta 0)
remote: Resolving deltas:   0% (0/3)   [Kremote: Resolving deltas:  33% (1/3)   [Kremote: Resolving deltas:  66% (2/3)   [Kremote: Resolving deltas: 100% (3/3)   [Kremote: Resolving deltas: 100% (3/3), completed with 3 local objects.[K
To github.com:konradsemsch/playground.git
   a435971..c5ce557  master -> master
]0;~/R/playground[36mkonrad[m@[32mkonradino:[33;1m~/R/playground[m$ git status
On branch master
Changes not staged for commit:
  (use "git add <file>..." to update what will be committed)
  (use "git checkout -- <file>..." to discard changes in working directory)

	[31mmodified:   .Rproj.user/E48B5D24/console06/76A57E29[m
	[31mmodified:   .Rproj.user/E48B5D24/sources/prop/762E4FDE[m
	[31mmodified:   .Rproj.user/E48B5D24/sources/s-AAA6F5D6/85230E90[m
	[31mmodified:   .Rproj.user/E48B5D24/sources/s-AAA6F5D6/85230E90-contents[m
	[31mmodified:   config.toml[m
	[31mmodified:   public/404.html[m
	[31mmodified:   public/archives/index.html[m
	[31mmodified:   public/archives/index.xml[m
	[31mmodified:   public/archives/page/1/index.html[m
	[31mmodified:   public/index.html[m
	[31mmodified:   public/index.xml[m
	[31mmodified:   public/page/1/index.html[m
	[31mmodified:   public/sitemap.xml[m
	[31mmodified:   public/tags/index.html[m
	[31mmodified:   public/tags/index.xml[m
	[31mmodified:   public/tags/page/1/index.html[m

Untracked files:
  (use "git add <file>..." to include in what will be committed)

	[31mpublic/images/background_small.png[m

no changes added to commit (use "git add" and/or "git commit -a")
]0;~/R/playground[36mkonrad[m@[32mkonradino:[33;1m~/R/playground[m$ git add .
]0;~/R/playground[36mkonrad[m@[32mkonradino:[33;1m~/R/playground[m$ git commit -m "decrese b  e   ased background image size"
[master 6fc9dab] decreased background image size
 17 files changed, 128 insertions(+), 84 deletions(-)
 create mode 100644 public/images/background_small.png
]0;~/R/playground[36mkonrad[m@[32mkonradino:[33;1m~/R/playground[m$ [Kgit push -orogin ma       iginm  masetr   ter
fatal: 'master' does not appear to be a git repository
fatal: Could not read from remote repository.

Please make sure you have the correct access rights
and the repository exists.
]0;~/R/playground[36mkonrad[m@[32mkonradino:[33;1m~/R/playground[m$ git push -origin master[Kgit push -origin master-[1P
Enumerating objects: 64, done.
Counting objects:   1% (1/64)   Counting objects:   3% (2/64)   Counting objects:   4% (3/64)   Counting objects:   6% (4/64)   Counting objects:   7% (5/64)   Counting objects:   9% (6/64)   Counting objects:  10% (7/64)   Counting objects:  12% (8/64)   Counting objects:  14% (9/64)   Counting objects:  15% (10/64)   Counting objects:  17% (11/64)   Counting objects:  18% (12/64)   Counting objects:  20% (13/64)   Counting objects:  21% (14/64)   Counting objects:  23% (15/64)   Counting objects:  25% (16/64)   Counting objects:  26% (17/64)   Counting objects:  28% (18/64)   Counting objects:  29% (19/64)   Counting objects:  31% (20/64)   Counting objects:  32% (21/64)   Counting objects:  34% (22/64)   Counting objects:  35% (23/64)   Counting objects:  37% (24/64)   Counting objects:  39% (25/64)   Counting objects:  40% (26/64)   Counting objects:  42% (27/64)   Counting objects:  43% (28/64)   Counting objects:  45% (29/64)   Counting objects:  46% (30/64)   Counting objects:  48% (31/64)   Counting objects:  50% (32/64)   Counting objects:  51% (33/64)   Counting objects:  53% (34/64)   Counting objects:  54% (35/64)   Counting objects:  56% (36/64)   Counting objects:  57% (37/64)   Counting objects:  59% (38/64)   Counting objects:  60% (39/64)   Counting objects:  62% (40/64)   Counting objects:  64% (41/64)   Counting objects:  65% (42/64)   Counting objects:  67% (43/64)   Counting objects:  68% (44/64)   Counting objects:  70% (45/64)   Counting objects:  71% (46/64)   Counting objects:  73% (47/64)   Counting objects:  75% (48/64)   Counting objects:  76% (49/64)   Counting objects:  78% (50/64)   Counting objects:  79% (51/64)   Counting objects:  81% (52/64)   Counting objects:  82% (53/64)   Counting objects:  84% (54/64)   Counting objects:  85% (55/64)   Counting objects:  87% (56/64)   Counting objects:  89% (57/64)   Counting objects:  90% (58/64)   Counting objects:  92% (59/64)   Counting objects:  93% (60/64)   Counting objects:  95% (61/64)   Counting objects:  96% (62/64)   Counting objects:  98% (63/64)   Counting objects: 100% (64/64)   Counting objects: 100% (64/64), done.
Delta compression using up to 4 threads.
Compressing objects:   3% (1/29)   Compressing objects:   6% (2/29)   Compressing objects:  10% (3/29)   Compressing objects:  13% (4/29)   Compressing objects:  17% (5/29)   Compressing objects:  20% (6/29)   Compressing objects:  24% (7/29)   Compressing objects:  27% (8/29)   Compressing objects:  31% (9/29)   Compressing objects:  34% (10/29)   Compressing objects:  37% (11/29)   Compressing objects:  41% (12/29)   Compressing objects:  44% (13/29)   Compressing objects:  48% (14/29)   Compressing objects:  51% (15/29)   Compressing objects:  55% (16/29)   Compressing objects:  58% (17/29)   Compressing objects:  62% (18/29)   Compressing objects:  65% (19/29)   Compressing objects:  68% (20/29)   Compressing objects:  72% (21/29)   Compressing objects:  75% (22/29)   Compressing objects:  79% (23/29)   Compressing objects:  82% (24/29)   Compressing objects:  86% (25/29)   Compressing objects:  89% (26/29)   Compressing objects:  93% (27/29)   Compressing objects:  96% (28/29)   Compressing objects: 100% (29/29)   Compressing objects: 100% (29/29), done.
Writing objects:   2% (1/34)   Writing objects:   5% (2/34)   Writing objects:   8% (3/34)   Writing objects:  11% (4/34)   Writing objects:  14% (5/34)   Writing objects:  17% (6/34)   Writing objects:  20% (7/34)   Writing objects:  23% (8/34)   Writing objects:  26% (9/34)   Writing objects:  29% (10/34)   Writing objects:  32% (11/34)   Writing objects:  35% (12/34)   Writing objects:  38% (13/34)   Writing objects:  41% (14/34)   Writing objects:  44% (15/34)   Writing objects:  47% (16/34)   Writing objects:  50% (17/34)   Writing objects:  52% (18/34)   Writing objects:  55% (19/34)   Writing objects:  58% (20/34)   Writing objects:  61% (21/34)   Writing objects:  64% (22/34)   Writing objects:  67% (23/34)   Writing objects:  70% (24/34)   Writing objects:  73% (25/34)   Writing objects:  76% (26/34)   Writing objects:  79% (27/34)   Writing objects:  82% (28/34)   Writing objects:  85% (29/34)   Writing objects:  88% (30/34)   Writing objects:  91% (31/34)   Writing objects:  94% (32/34)   Writing objects:  97% (33/34)   Writing objects: 100% (34/34)   Writing objects: 100% (34/34), 1.12 MiB | 12.29 MiB/s, done.
Total 34 (delta 19), reused 0 (delta 0)
remote: Resolving deltas:   0% (0/19)   [Kremote: Resolving deltas:   5% (1/19)   [Kremote: Resolving deltas:  10% (2/19)   [Kremote: Resolving deltas:  15% (3/19)   [Kremote: Resolving deltas:  21% (4/19)   [Kremote: Resolving deltas:  26% (5/19)   [Kremote: Resolving deltas:  31% (6/19)   [Kremote: Resolving deltas:  36% (7/19)   [Kremote: Resolving deltas:  52% (10/19)   [Kremote: Resolving deltas:  57% (11/19)   [Kremote: Resolving deltas:  73% (14/19)   [Kremote: Resolving deltas:  78% (15/19)   [Kremote: Resolving deltas:  84% (16/19)   [Kremote: Resolving deltas:  89% (17/19)   [Kremote: Resolving deltas:  94% (18/19)   [Kremote: Resolving deltas: 100% (19/19)   [Kremote: Resolving deltas: 100% (19/19), completed with 15 local objects.[K
To github.com:konradsemsch/playground.git
   c5ce557..6fc9dab  master -> master
]0;~/R/playground[36mkonrad[m@[32mkonradino:[33;1m~/R/playground[m$ git push origin master[1@-origin mastercommit -m "decreased background image size"add .[K
]0;~/R/playground[36mkonrad[m@[32mkonradino:[33;1m~/R/playground[m$ git add .push origin master[1@-origin mastercommit -m "decreased background image size"                                deployed cover image to the cloud"
[master cc659c3] deployed cover image to the cloud
 9 files changed, 33 insertions(+), 12 deletions(-)
]0;~/R/playground[36mkonrad[m@[32mkonradino:[33;1m~/R/playground[m$ [Kgit push origin matser    ster
Enumerating objects: 37, done.
Counting objects:   2% (1/37)   Counting objects:   5% (2/37)   Counting objects:   8% (3/37)   Counting objects:  10% (4/37)   Counting objects:  13% (5/37)   Counting objects:  16% (6/37)   Counting objects:  18% (7/37)   Counting objects:  21% (8/37)   Counting objects:  24% (9/37)   Counting objects:  27% (10/37)   Counting objects:  29% (11/37)   Counting objects:  32% (12/37)   Counting objects:  35% (13/37)   Counting objects:  37% (14/37)   Counting objects:  40% (15/37)   Counting objects:  43% (16/37)   Counting objects:  45% (17/37)   Counting objects:  48% (18/37)   Counting objects:  51% (19/37)   Counting objects:  54% (20/37)   Counting objects:  56% (21/37)   Counting objects:  59% (22/37)   Counting objects:  62% (23/37)   Counting objects:  64% (24/37)   Counting objects:  67% (25/37)   Counting objects:  70% (26/37)   Counting objects:  72% (27/37)   Counting objects:  75% (28/37)   Counting objects:  78% (29/37)   Counting objects:  81% (30/37)   Counting objects:  83% (31/37)   Counting objects:  86% (32/37)   Counting objects:  89% (33/37)   Counting objects:  91% (34/37)   Counting objects:  94% (35/37)   Counting objects:  97% (36/37)   Counting objects: 100% (37/37)   Counting objects: 100% (37/37), done.
Delta compression using up to 4 threads.
Compressing objects:   5% (1/19)   Compressing objects:  10% (2/19)   Compressing objects:  15% (3/19)   Compressing objects:  21% (4/19)   Compressing objects:  26% (5/19)   Compressing objects:  31% (6/19)   Compressing objects:  36% (7/19)   Compressing objects:  42% (8/19)   Compressing objects:  47% (9/19)   Compressing objects:  52% (10/19)   Compressing objects:  57% (11/19)   Compressing objects:  63% (12/19)   Compressing objects:  68% (13/19)   Compressing objects:  73% (14/19)   Compressing objects:  78% (15/19)   Compressing objects:  84% (16/19)   Compressing objects:  89% (17/19)   Compressing objects:  94% (18/19)   Compressing objects: 100% (19/19)   Compressing objects: 100% (19/19), done.
Writing objects:   5% (1/19)   Writing objects:  10% (2/19)   Writing objects:  15% (3/19)   Writing objects:  21% (4/19)   Writing objects:  26% (5/19)   Writing objects:  31% (6/19)   Writing objects:  36% (7/19)   Writing objects:  42% (8/19)   Writing objects:  47% (9/19)   Writing objects:  52% (10/19)   Writing objects:  57% (11/19)   Writing objects:  63% (12/19)   Writing objects:  68% (13/19)   Writing objects:  73% (14/19)   Writing objects:  78% (15/19)   Writing objects:  84% (16/19)   Writing objects:  89% (17/19)   Writing objects:  94% (18/19)   Writing objects: 100% (19/19)   Writing objects: 100% (19/19), 2.64 KiB | 52.00 KiB/s, done.
Total 19 (delta 11), reused 0 (delta 0)
remote: Resolving deltas:   0% (0/11)   [Kremote: Resolving deltas:   9% (1/11)   [Kremote: Resolving deltas:  18% (2/11)   [Kremote: Resolving deltas:  27% (3/11)   [Kremote: Resolving deltas:  36% (4/11)   [Kremote: Resolving deltas:  45% (5/11)   [Kremote: Resolving deltas:  54% (6/11)   [Kremote: Resolving deltas:  63% (7/11)   [Kremote: Resolving deltas:  90% (10/11)   [Kremote: Resolving deltas: 100% (11/11)   [Kremote: Resolving deltas: 100% (11/11), completed with 9 local objects.[K
To github.com:konradsemsch/playground.git
   6fc9dab..cc659c3  master -> master
]0;~/R/playground[36mkonrad[m@[32mkonradino:[33;1m~/R/playground[m$ git push origin mastercommit -m "deployed cover image to the cloud"add .[K
]0;~/R/playground[36mkonrad[m@[32mkonradino:[33;1m~/R/playground[m$ git commit --ammend -m "replaced with small"
error: unknown option `ammend'
usage: git commit [<options>] [--] <pathspec>...

    -q, --quiet           suppress summary after successful commit
    -v, --verbose         show diff in commit message template

Commit message options
    -F, --file <file>     read message from file
    --author <author>     override author for commit
    --date <date>         override date for commit
    -m, --message <message>
                          commit message
    -c, --reedit-message <commit>
                          reuse and edit message from specified commit
    -C, --reuse-message <commit>
                          reuse message from specified commit
    --fixup <commit>      use autosquash formatted message to fixup specified commit
    --squash <commit>     use autosquash formatted message to squash specified commit
    --reset-author        the commit is authored by me now (used with -C/-c/--amend)
    -s, --signoff         add Signed-off-by:
    -t, --template <file>
                          use specified template file
    -e, --edit            force edit of commit
    --cleanup <default>   how to strip spaces and #comments from message
    --status              include status in commit message template
    -S, --gpg-sign[=<key-id>]
                          GPG sign commit

Commit contents options
    -a, --all             commit all changed files
    -i, --include         add specified files to index for commit
    --interactive         interactively add files
    -p, --patch           interactively add changes
    -o, --only            commit only specified files
    -n, --no-verify       bypass pre-commit and commit-msg hooks
    --dry-run             show what would be committed
    --short               show status concisely
    --branch              show branch information
    --ahead-behind        compute full ahead/behind values
    --porcelain           machine-readable output
    --long                show status in long format (default)
    -z, --null            terminate entries with NUL
    --amend               amend previous commit
    --no-post-rewrite     bypass post-rewrite hook
    -u, --untracked-files[=<mode>]
                          show untracked files, optional modes: all, normal, no. (Default: all)

]0;~/R/playground[36mkonrad[m@[32mkonradino:[33;1m~/R/playground[m$ [Kgit commit --ammend -m "replaced with small"-[1P